// Jest Snapshot v1, https://goo.gl/fbAQLP

exports[`DrawPage should render correctly 1`] = `
<div>
  <main
    class="drawPage p-5"
  >
    <button
      class="ant-btn ant-btn-default"
      type="button"
    >
      <span>
        Back
      </span>
    </button>
    <div
      class="flex gap-7 mt-5"
    >
      <div
        class="players "
      >
        <h2
          class="text-3xl"
        >
          Players
        </h2>
        <div
          class="playerList flex gap-4 flex-wrap"
        />
      </div>
      <div
        class="countries"
      >
        <div
          class="flex gap-3 items-baseline"
        >
          <h2
            class="text-3xl"
          >
            Countries
          </h2>
          <span>
            Ordered using
             
            <a
              href="https://www.theguardian.com/football/2022/jun/15/world-cup-2022-power-rankings-final-32-qatar"
              rel="noreferrer"
              target="_blank"
            >
              the Guardian's power rankings
            </a>
             
          </span>
        </div>
        <div
          class="countryList flex gap-4 flex-wrap"
        >
          <div
            class="playerCard flex items-center justify-center border-2 border-black p-3"
          >
            <div
              class="m-0 flex gap-2 justify-center items-center"
            >
              <span>
                Argentina
              </span>
              <span
                class="text-xl"
              >
                🇦🇷
              </span>
            </div>
          </div>
          <div
            class="playerCard flex items-center justify-center border-2 border-black p-3"
          >
            <div
              class="m-0 flex gap-2 justify-center items-center"
            >
              <span>
                Brazil
              </span>
              <span
                class="text-xl"
              >
                🇧🇷
              </span>
            </div>
          </div>
          <div
            class="playerCard flex items-center justify-center border-2 border-black p-3"
          >
            <div
              class="m-0 flex gap-2 justify-center items-center"
            >
              <span>
                Spain
              </span>
              <span
                class="text-xl"
              >
                🏴󠁧󠁢󠁥󠁮󠁧󠁿
              </span>
            </div>
          </div>
          <div
            class="playerCard flex items-center justify-center border-2 border-black p-3"
          >
            <div
              class="m-0 flex gap-2 justify-center items-center"
            >
              <span>
                Netherlands
              </span>
              <span
                class="text-xl"
              >
                🇳🇱
              </span>
            </div>
          </div>
          <div
            class="playerCard flex items-center justify-center border-2 border-black p-3"
          >
            <div
              class="m-0 flex gap-2 justify-center items-center"
            >
              <span>
                Germany
              </span>
              <span
                class="text-xl"
              >
                🇩🇪
              </span>
            </div>
          </div>
          <div
            class="playerCard flex items-center justify-center border-2 border-black p-3"
          >
            <div
              class="m-0 flex gap-2 justify-center items-center"
            >
              <span>
                France
              </span>
              <span
                class="text-xl"
              >
                🇫🇷
              </span>
            </div>
          </div>
          <div
            class="playerCard flex items-center justify-center border-2 border-black p-3"
          >
            <div
              class="m-0 flex gap-2 justify-center items-center"
            >
              <span>
                Denmark
              </span>
              <span
                class="text-xl"
              >
                🇩🇰
              </span>
            </div>
          </div>
          <div
            class="playerCard flex items-center justify-center border-2 border-black p-3"
          >
            <div
              class="m-0 flex gap-2 justify-center items-center"
            >
              <span>
                Belgium
              </span>
              <span
                class="text-xl"
              >
                🇧🇪
              </span>
            </div>
          </div>
          <div
            class="playerCard flex items-center justify-center border-2 border-black p-3"
          >
            <div
              class="m-0 flex gap-2 justify-center items-center"
            >
              <span>
                Portugal
              </span>
              <span
                class="text-xl"
              >
                🇵🇹
              </span>
            </div>
          </div>
          <div
            class="playerCard flex items-center justify-center border-2 border-black p-3"
          >
            <div
              class="m-0 flex gap-2 justify-center items-center"
            >
              <span>
                England
              </span>
              <span
                class="text-xl"
              >
                🏴󠁧󠁢󠁥󠁮󠁧󠁿
              </span>
            </div>
          </div>
          <div
            class="playerCard flex items-center justify-center border-2 border-black p-3"
          >
            <div
              class="m-0 flex gap-2 justify-center items-center"
            >
              <span>
                Senegal
              </span>
              <span
                class="text-xl"
              >
                🇸🇳
              </span>
            </div>
          </div>
          <div
            class="playerCard flex items-center justify-center border-2 border-black p-3"
          >
            <div
              class="m-0 flex gap-2 justify-center items-center"
            >
              <span>
                Uruguay
              </span>
              <span
                class="text-xl"
              >
                🇺🇾
              </span>
            </div>
          </div>
          <div
            class="playerCard flex items-center justify-center border-2 border-black p-3"
          >
            <div
              class="m-0 flex gap-2 justify-center items-center"
            >
              <span>
                Croatia
              </span>
              <span
                class="text-xl"
              >
                🇭🇷
              </span>
            </div>
          </div>
          <div
            class="playerCard flex items-center justify-center border-2 border-black p-3"
          >
            <div
              class="m-0 flex gap-2 justify-center items-center"
            >
              <span>
                Switzerland
              </span>
              <span
                class="text-xl"
              >
                🇨🇭
              </span>
            </div>
          </div>
          <div
            class="playerCard flex items-center justify-center border-2 border-black p-3"
          >
            <div
              class="m-0 flex gap-2 justify-center items-center"
            >
              <span>
                Serbia
              </span>
              <span
                class="text-xl"
              >
                🇷🇸
              </span>
            </div>
          </div>
          <div
            class="playerCard flex items-center justify-center border-2 border-black p-3"
          >
            <div
              class="m-0 flex gap-2 justify-center items-center"
            >
              <span>
                Canada
              </span>
              <span
                class="text-xl"
              >
                🇨🇦
              </span>
            </div>
          </div>
          <div
            class="playerCard flex items-center justify-center border-2 border-black p-3"
          >
            <div
              class="m-0 flex gap-2 justify-center items-center"
            >
              <span>
                Wales
              </span>
              <span
                class="text-xl"
              >
                🏴󠁧󠁢󠁷󠁬󠁳󠁿
              </span>
            </div>
          </div>
          <div
            class="playerCard flex items-center justify-center border-2 border-black p-3"
          >
            <div
              class="m-0 flex gap-2 justify-center items-center"
            >
              <span>
                Poland
              </span>
              <span
                class="text-xl"
              >
                🇵🇱
              </span>
            </div>
          </div>
          <div
            class="playerCard flex items-center justify-center border-2 border-black p-3"
          >
            <div
              class="m-0 flex gap-2 justify-center items-center"
            >
              <span>
                Mexico
              </span>
              <span
                class="text-xl"
              >
                🇲🇽
              </span>
            </div>
          </div>
          <div
            class="playerCard flex items-center justify-center border-2 border-black p-3"
          >
            <div
              class="m-0 flex gap-2 justify-center items-center"
            >
              <span>
                USA
              </span>
              <span
                class="text-xl"
              >
                🇺🇸
              </span>
            </div>
          </div>
          <div
            class="playerCard flex items-center justify-center border-2 border-black p-3"
          >
            <div
              class="m-0 flex gap-2 justify-center items-center"
            >
              <span>
                Morocco
              </span>
              <span
                class="text-xl"
              >
                🇲🇦
              </span>
            </div>
          </div>
          <div
            class="playerCard flex items-center justify-center border-2 border-black p-3"
          >
            <div
              class="m-0 flex gap-2 justify-center items-center"
            >
              <span>
                Cameroon
              </span>
              <span
                class="text-xl"
              >
                🇨🇲
              </span>
            </div>
          </div>
          <div
            class="playerCard flex items-center justify-center border-2 border-black p-3"
          >
            <div
              class="m-0 flex gap-2 justify-center items-center"
            >
              <span>
                Iran
              </span>
              <span
                class="text-xl"
              >
                🇮🇷
              </span>
            </div>
          </div>
          <div
            class="playerCard flex items-center justify-center border-2 border-black p-3"
          >
            <div
              class="m-0 flex gap-2 justify-center items-center"
            >
              <span>
                Tunisia
              </span>
              <span
                class="text-xl"
              >
                🏴󠁧󠁢󠁥󠁮󠁧󠁿
              </span>
            </div>
          </div>
          <div
            class="playerCard flex items-center justify-center border-2 border-black p-3"
          >
            <div
              class="m-0 flex gap-2 justify-center items-center"
            >
              <span>
                Japan
              </span>
              <span
                class="text-xl"
              >
                🇯🇵
              </span>
            </div>
          </div>
          <div
            class="playerCard flex items-center justify-center border-2 border-black p-3"
          >
            <div
              class="m-0 flex gap-2 justify-center items-center"
            >
              <span>
                Ecuador
              </span>
              <span
                class="text-xl"
              >
                🇪🇨󠁧󠁢󠁥
              </span>
            </div>
          </div>
          <div
            class="playerCard flex items-center justify-center border-2 border-black p-3"
          >
            <div
              class="m-0 flex gap-2 justify-center items-center"
            >
              <span>
                Ghana
              </span>
              <span
                class="text-xl"
              >
                🇬🇭
              </span>
            </div>
          </div>
          <div
            class="playerCard flex items-center justify-center border-2 border-black p-3"
          >
            <div
              class="m-0 flex gap-2 justify-center items-center"
            >
              <span>
                South Korea
              </span>
              <span
                class="text-xl"
              >
                🇰🇷
              </span>
            </div>
          </div>
          <div
            class="playerCard flex items-center justify-center border-2 border-black p-3"
          >
            <div
              class="m-0 flex gap-2 justify-center items-center"
            >
              <span>
                Costa Rica
              </span>
              <span
                class="text-xl"
              >
                🇨🇷
              </span>
            </div>
          </div>
          <div
            class="playerCard flex items-center justify-center border-2 border-black p-3"
          >
            <div
              class="m-0 flex gap-2 justify-center items-center"
            >
              <span>
                Qatar
              </span>
              <span
                class="text-xl"
              >
                🇶🇦
              </span>
            </div>
          </div>
          <div
            class="playerCard flex items-center justify-center border-2 border-black p-3"
          >
            <div
              class="m-0 flex gap-2 justify-center items-center"
            >
              <span>
                Australia
              </span>
              <span
                class="text-xl"
              >
                🇦🇺
              </span>
            </div>
          </div>
          <div
            class="playerCard flex items-center justify-center border-2 border-black p-3"
          >
            <div
              class="m-0 flex gap-2 justify-center items-center"
            >
              <span>
                Saudi Arabia
              </span>
              <span
                class="text-xl"
              >
                🇸🇦
              </span>
            </div>
          </div>
        </div>
      </div>
    </div>
  </main>
</div>
`;
